
SOME CODE 


SOME CODE
SOME CODE
SOME CODE
SOME CODE




