


AAA


abcd





aa
           bb
           cc




v1;

xqvf



"A"