some text 
 
 another text
a quoted "//text " with ' //quotes'


of this
/