some text 



and 




comments

more*/
more*/
data


